[ "aaaaaaaaaaaaaaab"
, "eof"
, "a"
, "eof"
, "a"
, "a"
, "a"
, "eof"
]